C51 COMPILER V9.60.7.0   MAIN                                                              11/19/2025 00:10:11 PAGE 1   


C51 COMPILER V9.60.7.0, COMPILATION OF MODULE MAIN
OBJECT MODULE PLACED IN .\Objects\main.obj
COMPILER INVOKED BY: C:\Users\minhn\AppData\Local\Keil_v5\C51\BIN\C51.EXE main.c OPTIMIZE(8,SPEED) BROWSE DEBUG OBJECTEX
                    -TEND PRINT(.\Listings\main.lst) TABS(2) OBJECT(.\Objects\main.obj)

line level    source

   1          #include <REGX51.H>
   2          
   3          sbit LED1 = P2 ^ 0;
   4          
   5          void Delay(unsigned int ms)
   6          {
   7   1          unsigned int i, j;
   8   1          for (i = 0; i < ms; i++)
   9   1              for (j = 0; j < 123; j++)
  10   1                  ;
  11   1      }
  12          
  13          void main(void)
  14          {
  15   1          while (1)
  16   1          {
  17   2              LED1 = 0;   // Turn on LED
  18   2              Delay(500); // Delay 500 ms
  19   2              LED1 = 1;   // Turn off LED
  20   2              Delay(500); // Delay 500 ms
  21   2          }
  22   1      }


MODULE INFORMATION:   STATIC OVERLAYABLE
   CODE SIZE        =     48    ----
   CONSTANT SIZE    =   ----    ----
   XDATA SIZE       =   ----    ----
   PDATA SIZE       =   ----    ----
   DATA SIZE        =   ----    ----
   IDATA SIZE       =   ----    ----
   BIT SIZE         =   ----    ----
END OF MODULE INFORMATION.


C51 COMPILATION COMPLETE.  0 WARNING(S),  0 ERROR(S)
