A51 MACRO ASSEMBLER  MAIN                                                                 11/18/2025 15:45:05 PAGE     1


MACRO ASSEMBLER A51 V8.2.7.0
OBJECT MODULE PLACED IN .\Objects\main.obj
ASSEMBLER INVOKED BY: C:\Users\minhn\AppData\Local\Keil_v5\C51\BIN\A51.EXE main.asc SET(SMALL) DEBUG PRINT(.\Listings\ma
                      in.lst) OBJECT(.\Objects\main.obj) EP

LOC  OBJ            LINE     SOURCE

0000                   1     ORG 0000H
0000 800B              2             JMP MAIN
                       3             
000B                   4     ORG 000BH
000B 8015              5             JMP TIMER0_ISR
                       6             
000D                   7     MAIN:
                       8     
000D 758901            9             MOV TMOD, #01H
                      10             
0010 758C3C           11             MOV TH0, #3CH
0013 758AB0           12             MOV TL0, #0B0H
                      13             
0016 7F0A             14             MOV R7, #10
                      15             
0018 D2A9             16             SETB ET0
001A D2AF             17             SETB EA
                      18             
001C D2A1             19             SETB P2.1
                      20             
001E D28C             21             SETB TR0
                      22     
0020                  23     LOOP:
                      24     
0020 80FE             25             JMP LOOP
                      26     
0022                  27     TIMER0_ISR:
                      28             
0022 758C3C           29             MOV TH0, #3CH
0025 758AB0           30             MOV TL0, #0B0H
                      31             
0028 DF04             32             DJNZ R7, EXIT_ISR
002A 7F0A             33             MOV R7, #10
002C B2A1             34             CPL P2.1
                      35             
002E                  36     EXIT_ISR:
002E 32               37             RETI
                      38             
                      39     END
A51 MACRO ASSEMBLER  MAIN                                                                 11/18/2025 15:45:05 PAGE     2

SYMBOL TABLE LISTING
------ ----- -------


N A M E             T Y P E  V A L U E   ATTRIBUTES

EA . . . . . . . .  B ADDR   00A8H.7 A   
ET0. . . . . . . .  B ADDR   00A8H.1 A   
EXIT_ISR . . . . .  C ADDR   002EH   A   
LOOP . . . . . . .  C ADDR   0020H   A   
MAIN . . . . . . .  C ADDR   000DH   A   
P2 . . . . . . . .  D ADDR   00A0H   A   
TH0. . . . . . . .  D ADDR   008CH   A   
TIMER0_ISR . . . .  C ADDR   0022H   A   
TL0. . . . . . . .  D ADDR   008AH   A   
TMOD . . . . . . .  D ADDR   0089H   A   
TR0. . . . . . . .  B ADDR   0088H.4 A   


REGISTER BANK(S) USED: 0 


ASSEMBLY COMPLETE.  0 WARNING(S), 0 ERROR(S)
