A51 MACRO ASSEMBLER  MAIN                                                                 11/08/2025 12:55:37 PAGE     1


MACRO ASSEMBLER A51 V8.2.7.0
OBJECT MODULE PLACED IN .\Objects\main.obj
ASSEMBLER INVOKED BY: C:\Users\minhn\AppData\Local\Keil_v5\C51\BIN\A51.EXE main.asc SET(SMALL) DEBUG PRINT(.\Listings\ma
                      in.lst) OBJECT(.\Objects\main.obj) EP

LOC  OBJ            LINE     SOURCE

0000                   1     ORG 0000H
                       2     
0000                   3     MAIN:
                       4     
  7FFA                 5             RAMLOC EQU 07FFAH
  0008                 6             COUNT EQU 8
                       7     
0000 907FFA            8             MOV DPTR, #RAMLOC
0003 7B08              9             MOV R3, #COUNT
0005 7401             10             MOV A, #01H
                      11             
0007                  12     rep1:
                      13     
0007 F0               14             MOVX @DPTR, A
0008 23               15             RL A
0009 A3               16             INC DPTR
000A DBFB             17             DJNZ R3, rep1
                      18             
000C 907FFA           19             MOV DPTR, #RAMLOC
000F 7B08             20             MOV R3, #COUNT
                      21     
0011                  22     rep2:
0011 E0               23             MOVX A, @DPTR
0012 F590             24             MOV P1, A
0014 111B             25             CALL DELAY
0016 A3               26             INC DPTR
0017 DBF8             27             DJNZ R3, rep2
                      28             
0019 80E5             29             JMP MAIN
                      30             
001B                  31     DELAY:
001B 79C8             32             MOV R1, #200
001D                  33     LAP1:
001D 78C8             34             MOV R0, #200
001F                  35     LAP:
001F 00               36             NOP
0020 00               37             NOP
0021 00               38             NOP
0022 D8FB             39             DJNZ R0, LAP
0024 D9F7             40             DJNZ R1, LAP1
0026 22               41             RET
                      42             
                      43     END
                                     
A51 MACRO ASSEMBLER  MAIN                                                                 11/08/2025 12:55:37 PAGE     2

SYMBOL TABLE LISTING
------ ----- -------


N A M E             T Y P E  V A L U E   ATTRIBUTES

COUNT. . . . . . .  N NUMB   0008H   A   
DELAY. . . . . . .  C ADDR   001BH   A   
LAP. . . . . . . .  C ADDR   001FH   A   
LAP1 . . . . . . .  C ADDR   001DH   A   
MAIN . . . . . . .  C ADDR   0000H   A   
P1 . . . . . . . .  D ADDR   0090H   A   
RAMLOC . . . . . .  N NUMB   7FFAH   A   
REP1 . . . . . . .  C ADDR   0007H   A   
REP2 . . . . . . .  C ADDR   0011H   A   


REGISTER BANK(S) USED: 0 


ASSEMBLY COMPLETE.  0 WARNING(S), 0 ERROR(S)
