A51 MACRO ASSEMBLER  MAIN                                                                 11/18/2025 23:20:06 PAGE     1


MACRO ASSEMBLER A51 V8.2.7.0
OBJECT MODULE PLACED IN .\Objects\main.obj
ASSEMBLER INVOKED BY: C:\Users\minhn\AppData\Local\Keil_v5\C51\BIN\A51.EXE main.asc SET(SMALL) DEBUG PRINT(.\Listings\ma
                      in.lst) OBJECT(.\Objects\main.obj) EP

LOC  OBJ            LINE     SOURCE

0000                   1     ORG 0000H
0000 802E              2             JMP MAIN
                       3             
001B                   4     ORG 001BH
001B 8028              5             JMP TIMER1_ISR
                       6             
0030                   7     ORG 0030H
0030                   8     MAIN:
0030 D2A0              9             SETB P2.0
0032 7F64             10             MOV R7, #100
                      11             
0034 D2AB             12             SETB ET1
0036 D2AF             13             SETB EA
                      14             
0038 758910           15             MOV TMOD, #10H
003B 758D8A           16             MOV TH1, #8AH
003E 758BD0           17             MOV TL1, #0D0H
                      18             
0041 D28E             19             SETB TR1
                      20     
0043                  21     LOOP:
0043 80FE             22             JMP LOOP
                      23             
0045                  24     TIMER1_ISR:
0045 758D8A           25             MOV TH1, #8AH
0048 758BD0           26             MOV TL1, #0D0H
004B DF04             27             DJNZ R7, EXIT_ISR
004D 7F64             28             MOV R7, #100
004F B2A0             29             CPL P2.0
                      30             
0051                  31     EXIT_ISR:
0051 32               32             RETI
                      33     
                      34     END
A51 MACRO ASSEMBLER  MAIN                                                                 11/18/2025 23:20:06 PAGE     2

SYMBOL TABLE LISTING
------ ----- -------


N A M E             T Y P E  V A L U E   ATTRIBUTES

EA . . . . . . . .  B ADDR   00A8H.7 A   
ET1. . . . . . . .  B ADDR   00A8H.3 A   
EXIT_ISR . . . . .  C ADDR   0051H   A   
LOOP . . . . . . .  C ADDR   0043H   A   
MAIN . . . . . . .  C ADDR   0030H   A   
P2 . . . . . . . .  D ADDR   00A0H   A   
TH1. . . . . . . .  D ADDR   008DH   A   
TIMER1_ISR . . . .  C ADDR   0045H   A   
TL1. . . . . . . .  D ADDR   008BH   A   
TMOD . . . . . . .  D ADDR   0089H   A   
TR1. . . . . . . .  B ADDR   0088H.6 A   


REGISTER BANK(S) USED: 0 


ASSEMBLY COMPLETE.  0 WARNING(S), 0 ERROR(S)
