C51 COMPILER V9.60.7.0   MAIN                                                              11/06/2025 16:06:08 PAGE 1   


C51 COMPILER V9.60.7.0, COMPILATION OF MODULE MAIN
OBJECT MODULE PLACED IN .\Objects\main.obj
COMPILER INVOKED BY: C:\Users\minhn\AppData\Local\Keil_v5\C51\BIN\C51.EXE main.c OPTIMIZE(8,SPEED) BROWSE DEBUG OBJECTEX
                    -TEND PRINT(.\Listings\main.lst) TABS(2) OBJECT(.\Objects\main.obj)

line level    source

   1          #include <REGX52.H>
   2          
   3          sbit LED1 = P1^1;
   4          
   5          void delay_ms(unsigned int ms) {
   6   1          unsigned int i, j;
   7   1          for (i = 0; i < ms; i++)
   8   1              for (j = 0; j < 123; j++); // Approximate delay for 1 ms at 12MHz
   9   1      }
  10          
  11          void main(void) {
  12   1          while (1) {
  13   2              LED1 = 1; // Turn on LED
  14   2              delay_ms(200); // Delay 200 ms
  15   2              LED1 = 0; // Turn off LED
  16   2              delay_ms(200); // Delay 200 ms
  17   2          }
  18   1      }


MODULE INFORMATION:   STATIC OVERLAYABLE
   CODE SIZE        =     48    ----
   CONSTANT SIZE    =   ----    ----
   XDATA SIZE       =   ----    ----
   PDATA SIZE       =   ----    ----
   DATA SIZE        =   ----    ----
   IDATA SIZE       =   ----    ----
   BIT SIZE         =   ----    ----
END OF MODULE INFORMATION.


C51 COMPILATION COMPLETE.  0 WARNING(S),  0 ERROR(S)
