A51 MACRO ASSEMBLER  MAIN                                                                 11/08/2025 11:42:23 PAGE     1


MACRO ASSEMBLER A51 V8.2.7.0
OBJECT MODULE PLACED IN .\Objects\main.obj
ASSEMBLER INVOKED BY: C:\Users\minhn\AppData\Local\Keil_v5\C51\BIN\A51.EXE main.asc SET(SMALL) DEBUG PRINT(.\Listings\ma
                      in.lst) OBJECT(.\Objects\main.obj) EP

LOC  OBJ            LINE     SOURCE

0000                   1     ORG 0000H
0000 753005            2             MOV 30H, #05H
                       3     
0003 A930              4             MOV R1, 30H
0005 7A00              5             MOV R2, #00H
0007 E4                6             CLR A
                       7     
0008                   8             LOOP:
0008 E9                9                     MOV A, R1
0009 2A               10                     ADD A, R2
000A FA               11                     MOV R2, A
000B D9FB             12                     DJNZ R1, LOOP
                      13                     
000D 8A40             14             MOV 40H, R2
000F 8A90             15             MOV P1, R2
                      16             
0011 80FE             17             JMP $
                      18             
                      19     END
A51 MACRO ASSEMBLER  MAIN                                                                 11/08/2025 11:42:23 PAGE     2

SYMBOL TABLE LISTING
------ ----- -------


N A M E             T Y P E  V A L U E   ATTRIBUTES

LOOP . . . . . . .  C ADDR   0008H   A   
P1 . . . . . . . .  D ADDR   0090H   A   


REGISTER BANK(S) USED: 0 


ASSEMBLY COMPLETE.  0 WARNING(S), 0 ERROR(S)
